Copyright 1986-2019 Xilinx, Inc. All Rights Reserved.
-----------------------------------------------------------------------------------------
| Tool Version : Vivado v.2018.3.1 (win64) Build 2489853 Tue Mar 26 04:20:25 MDT 2019
| Date         : Fri May 27 14:30:07 2022
| Host         : mecha-7 running 64-bit major release  (build 9200)
| Command      : report_control_sets -verbose -file tetris_shell_control_sets_placed.rpt
| Design       : tetris_shell
| Device       : xc7a35t
-----------------------------------------------------------------------------------------

Control Set Information

Table of Contents
-----------------
1. Summary
2. Histogram
3. Flip-Flop Distribution
4. Detailed Control Set Information

1. Summary
----------

+----------------------------------------------------------+-------+
|                          Status                          | Count |
+----------------------------------------------------------+-------+
| Number of unique control sets                            |    17 |
| Unused register locations in slices containing registers |    54 |
+----------------------------------------------------------+-------+


2. Histogram
------------

+--------+--------------+
| Fanout | Control Sets |
+--------+--------------+
|      1 |            3 |
|      2 |            1 |
|      4 |            1 |
|      5 |            4 |
|      8 |            4 |
|     10 |            1 |
|     12 |            1 |
|    16+ |            2 |
+--------+--------------+


3. Flip-Flop Distribution
-------------------------

+--------------+-----------------------+------------------------+-----------------+--------------+
| Clock Enable | Synchronous Set/Reset | Asynchronous Set/Reset | Total Registers | Total Slices |
+--------------+-----------------------+------------------------+-----------------+--------------+
| No           | No                    | No                     |              84 |           39 |
| No           | No                    | Yes                    |               0 |            0 |
| No           | Yes                   | No                     |              24 |            9 |
| Yes          | No                    | No                     |              48 |           23 |
| Yes          | No                    | Yes                    |               0 |            0 |
| Yes          | Yes                   | No                     |              30 |           12 |
+--------------+-----------------------+------------------------+-----------------+--------------+


4. Detailed Control Set Information
-----------------------------------

+-------------------------------------+-----------------------------------------------+--------------------------------------------+------------------+----------------+
|             Clock Signal            |                 Enable Signal                 |              Set/Reset Signal              | Slice Load Count | Bel Load Count |
+-------------------------------------+-----------------------------------------------+--------------------------------------------+------------------+----------------+
|  game_controller/MAKE_MOVE_EN       |                                               |                                            |                1 |              1 |
|  game_controller/WRITE_NEW_PIECE_EN |                                               |                                            |                1 |              1 |
|  game_controller/READ_COLLISION     |                                               |                                            |                1 |              1 |
|  clk_ext_port_IBUF_BUFG             |                                               |                                            |                1 |              2 |
|  clocking/pixel_clk_port            | game_controller/FSM_sequential_CS[3]_i_1_n_0  |                                            |                1 |              4 |
|  clocking/pixel_clk_port            | vga_controller_block/h_block_tc               | vga_controller_block/clear                 |                2 |              5 |
|  clocking/pixel_clk_port            | vga_controller_block/h_block_count[4]_i_1_n_0 |                                            |                1 |              5 |
|  clocking/pixel_clk_port            | vga_controller_block/v_block_count[4]_i_1_n_0 |                                            |                1 |              5 |
|  clocking/pixel_clk_port            | vga_controller_block/row_count0               | vga_controller_block/row_count[4]_i_1_n_0  |                1 |              5 |
|  clocking/pixel_clk_port            |                                               | input_conditioning_left/next_state[0]      |                3 |              8 |
|  clocking/pixel_clk_port            |                                               | input_conditioning_right/next_state[0]     |                3 |              8 |
|  clocking/pixel_clk_port            |                                               | input_conditioning_up/next_state[0]        |                3 |              8 |
|  clocking/pixel_clk_port            | vga_controller_block/E[0]                     | game_controller/SR[0]                      |                2 |              8 |
|  clocking/pixel_clk_port            | vga_controller_block/h_tc                     |                                            |                3 |             10 |
|  clocking/pixel_clk_port            | game_controller/FSM_sequential_CS_reg[2]_0    | game_controller/FSM_sequential_CS_reg[1]_9 |                7 |             12 |
|  clocking/pixel_clk_port            | game_controller/FSM_sequential_CS_reg[2]_0    |                                            |               17 |             24 |
|  clocking/pixel_clk_port            |                                               |                                            |               35 |             79 |
+-------------------------------------+-----------------------------------------------+--------------------------------------------+------------------+----------------+


